==5914== Memcheck, a memory error detector
==5914== Copyright (C) 2002-2011, and GNU GPL'd, by Julian Seward et al.
==5914== Using Valgrind-3.7.0 and LibVEX; rerun with -h for copyright info
==5914== Command: ./DataCentersSimulation Examples/EdgeNodeExample/omnetpp.ini
==5914== Parent PID: 3532
==5914== 
==5914== Invalid read of size 4
==5914==    at 0x993A0D3: ??? (in /usr/lib/x86_64-linux-gnu/libfontconfig.so.1.4.4)
==5914==    by 0x993C464: FcConfigFilename (in /usr/lib/x86_64-linux-gnu/libfontconfig.so.1.4.4)
==5914==    by 0x994FA15: FcConfigParseAndLoad (in /usr/lib/x86_64-linux-gnu/libfontconfig.so.1.4.4)
==5914==    by 0x9945176: FcInitLoadConfig (in /usr/lib/x86_64-linux-gnu/libfontconfig.so.1.4.4)
==5914==    by 0x9945265: FcInitLoadConfigAndFonts (in /usr/lib/x86_64-linux-gnu/libfontconfig.so.1.4.4)
==5914==    by 0x9945484: FcInit (in /usr/lib/x86_64-linux-gnu/libfontconfig.so.1.4.4)
==5914==    by 0x993A87C: FcConfigGetCurrent (in /usr/lib/x86_64-linux-gnu/libfontconfig.so.1.4.4)
==5914==    by 0x993C22F: FcConfigSubstituteWithPat (in /usr/lib/x86_64-linux-gnu/libfontconfig.so.1.4.4)
==5914==    by 0x8280F12: ??? (in /usr/lib/libtk8.5.so.0)
==5914==    by 0x8281395: ??? (in /usr/lib/libtk8.5.so.0)
==5914==    by 0x81DC892: Tk_AllocFontFromObj (in /usr/lib/libtk8.5.so.0)
==5914==    by 0x81DC71A: Tk_GetFont (in /usr/lib/libtk8.5.so.0)
==5914==  Address 0xe557bd4 is 20 bytes inside a block of size 22 alloc'd
==5914==    at 0x4C2B6CD: malloc (in /usr/lib/valgrind/vgpreload_memcheck-amd64-linux.so)
==5914==    by 0x993A02C: ??? (in /usr/lib/x86_64-linux-gnu/libfontconfig.so.1.4.4)
==5914==    by 0x993C464: FcConfigFilename (in /usr/lib/x86_64-linux-gnu/libfontconfig.so.1.4.4)
==5914==    by 0x994FA15: FcConfigParseAndLoad (in /usr/lib/x86_64-linux-gnu/libfontconfig.so.1.4.4)
==5914==    by 0x9945176: FcInitLoadConfig (in /usr/lib/x86_64-linux-gnu/libfontconfig.so.1.4.4)
==5914==    by 0x9945265: FcInitLoadConfigAndFonts (in /usr/lib/x86_64-linux-gnu/libfontconfig.so.1.4.4)
==5914==    by 0x9945484: FcInit (in /usr/lib/x86_64-linux-gnu/libfontconfig.so.1.4.4)
==5914==    by 0x993A87C: FcConfigGetCurrent (in /usr/lib/x86_64-linux-gnu/libfontconfig.so.1.4.4)
==5914==    by 0x993C22F: FcConfigSubstituteWithPat (in /usr/lib/x86_64-linux-gnu/libfontconfig.so.1.4.4)
==5914==    by 0x8280F12: ??? (in /usr/lib/libtk8.5.so.0)
==5914==    by 0x8281395: ??? (in /usr/lib/libtk8.5.so.0)
==5914==    by 0x81DC892: Tk_AllocFontFromObj (in /usr/lib/libtk8.5.so.0)
==5914== 
==5914== Invalid read of size 4
==5914==    at 0x993A0E8: ??? (in /usr/lib/x86_64-linux-gnu/libfontconfig.so.1.4.4)
==5914==    by 0x993C464: FcConfigFilename (in /usr/lib/x86_64-linux-gnu/libfontconfig.so.1.4.4)
==5914==    by 0x994FA15: FcConfigParseAndLoad (in /usr/lib/x86_64-linux-gnu/libfontconfig.so.1.4.4)
==5914==    by 0x99500FD: ??? (in /usr/lib/x86_64-linux-gnu/libfontconfig.so.1.4.4)
==5914==    by 0xA9F16F3: ??? (in /lib/x86_64-linux-gnu/libexpat.so.1.5.2)
==5914==    by 0xA9F2950: ??? (in /lib/x86_64-linux-gnu/libexpat.so.1.5.2)
==5914==    by 0xA9EF7C6: ??? (in /lib/x86_64-linux-gnu/libexpat.so.1.5.2)
==5914==    by 0xA9F117A: ??? (in /lib/x86_64-linux-gnu/libexpat.so.1.5.2)
==5914==    by 0xA9F475C: XML_ParseBuffer (in /lib/x86_64-linux-gnu/libexpat.so.1.5.2)
==5914==    by 0x994FB70: FcConfigParseAndLoad (in /usr/lib/x86_64-linux-gnu/libfontconfig.so.1.4.4)
==5914==    by 0x9945176: FcInitLoadConfig (in /usr/lib/x86_64-linux-gnu/libfontconfig.so.1.4.4)
==5914==    by 0x9945265: FcInitLoadConfigAndFonts (in /usr/lib/x86_64-linux-gnu/libfontconfig.so.1.4.4)
==5914==  Address 0xe55f0c0 is 16 bytes inside a block of size 18 alloc'd
==5914==    at 0x4C2B6CD: malloc (in /usr/lib/valgrind/vgpreload_memcheck-amd64-linux.so)
==5914==    by 0x993A02C: ??? (in /usr/lib/x86_64-linux-gnu/libfontconfig.so.1.4.4)
==5914==    by 0x993C464: FcConfigFilename (in /usr/lib/x86_64-linux-gnu/libfontconfig.so.1.4.4)
==5914==    by 0x994FA15: FcConfigParseAndLoad (in /usr/lib/x86_64-linux-gnu/libfontconfig.so.1.4.4)
==5914==    by 0x99500FD: ??? (in /usr/lib/x86_64-linux-gnu/libfontconfig.so.1.4.4)
==5914==    by 0xA9F16F3: ??? (in /lib/x86_64-linux-gnu/libexpat.so.1.5.2)
==5914==    by 0xA9F2950: ??? (in /lib/x86_64-linux-gnu/libexpat.so.1.5.2)
==5914==    by 0xA9EF7C6: ??? (in /lib/x86_64-linux-gnu/libexpat.so.1.5.2)
==5914==    by 0xA9F117A: ??? (in /lib/x86_64-linux-gnu/libexpat.so.1.5.2)
==5914==    by 0xA9F475C: XML_ParseBuffer (in /lib/x86_64-linux-gnu/libexpat.so.1.5.2)
==5914==    by 0x994FB70: FcConfigParseAndLoad (in /usr/lib/x86_64-linux-gnu/libfontconfig.so.1.4.4)
==5914==    by 0x9945176: FcInitLoadConfig (in /usr/lib/x86_64-linux-gnu/libfontconfig.so.1.4.4)
==5914== 
==5914== Invalid read of size 4
==5914==    at 0x993A0E8: ??? (in /usr/lib/x86_64-linux-gnu/libfontconfig.so.1.4.4)
==5914==    by 0x994FA15: FcConfigParseAndLoad (in /usr/lib/x86_64-linux-gnu/libfontconfig.so.1.4.4)
==5914==    by 0x994FE77: FcConfigParseAndLoad (in /usr/lib/x86_64-linux-gnu/libfontconfig.so.1.4.4)
==5914==    by 0x99500FD: ??? (in /usr/lib/x86_64-linux-gnu/libfontconfig.so.1.4.4)
==5914==    by 0xA9F16F3: ??? (in /lib/x86_64-linux-gnu/libexpat.so.1.5.2)
==5914==    by 0xA9F2950: ??? (in /lib/x86_64-linux-gnu/libexpat.so.1.5.2)
==5914==    by 0xA9EF7C6: ??? (in /lib/x86_64-linux-gnu/libexpat.so.1.5.2)
==5914==    by 0xA9F117A: ??? (in /lib/x86_64-linux-gnu/libexpat.so.1.5.2)
==5914==    by 0xA9F475C: XML_ParseBuffer (in /lib/x86_64-linux-gnu/libexpat.so.1.5.2)
==5914==    by 0x994FB70: FcConfigParseAndLoad (in /usr/lib/x86_64-linux-gnu/libfontconfig.so.1.4.4)
==5914==    by 0x9945176: FcInitLoadConfig (in /usr/lib/x86_64-linux-gnu/libfontconfig.so.1.4.4)
==5914==    by 0x9945265: FcInitLoadConfigAndFonts (in /usr/lib/x86_64-linux-gnu/libfontconfig.so.1.4.4)
==5914==  Address 0xe574c58 is 40 bytes inside a block of size 42 alloc'd
==5914==    at 0x4C2B6CD: malloc (in /usr/lib/valgrind/vgpreload_memcheck-amd64-linux.so)
==5914==    by 0x993A02C: ??? (in /usr/lib/x86_64-linux-gnu/libfontconfig.so.1.4.4)
==5914==    by 0x994FA15: FcConfigParseAndLoad (in /usr/lib/x86_64-linux-gnu/libfontconfig.so.1.4.4)
==5914==    by 0x994FE77: FcConfigParseAndLoad (in /usr/lib/x86_64-linux-gnu/libfontconfig.so.1.4.4)
==5914==    by 0x99500FD: ??? (in /usr/lib/x86_64-linux-gnu/libfontconfig.so.1.4.4)
==5914==    by 0xA9F16F3: ??? (in /lib/x86_64-linux-gnu/libexpat.so.1.5.2)
==5914==    by 0xA9F2950: ??? (in /lib/x86_64-linux-gnu/libexpat.so.1.5.2)
==5914==    by 0xA9EF7C6: ??? (in /lib/x86_64-linux-gnu/libexpat.so.1.5.2)
==5914==    by 0xA9F117A: ??? (in /lib/x86_64-linux-gnu/libexpat.so.1.5.2)
==5914==    by 0xA9F475C: XML_ParseBuffer (in /lib/x86_64-linux-gnu/libexpat.so.1.5.2)
==5914==    by 0x994FB70: FcConfigParseAndLoad (in /usr/lib/x86_64-linux-gnu/libfontconfig.so.1.4.4)
==5914==    by 0x9945176: FcInitLoadConfig (in /usr/lib/x86_64-linux-gnu/libfontconfig.so.1.4.4)
==5914== 
==5914== Invalid read of size 4
==5914==    at 0x993A0D3: ??? (in /usr/lib/x86_64-linux-gnu/libfontconfig.so.1.4.4)
==5914==    by 0x994FA15: FcConfigParseAndLoad (in /usr/lib/x86_64-linux-gnu/libfontconfig.so.1.4.4)
==5914==    by 0x994FE77: FcConfigParseAndLoad (in /usr/lib/x86_64-linux-gnu/libfontconfig.so.1.4.4)
==5914==    by 0x99500FD: ??? (in /usr/lib/x86_64-linux-gnu/libfontconfig.so.1.4.4)
==5914==    by 0xA9F16F3: ??? (in /lib/x86_64-linux-gnu/libexpat.so.1.5.2)
==5914==    by 0xA9F2950: ??? (in /lib/x86_64-linux-gnu/libexpat.so.1.5.2)
==5914==    by 0xA9EF7C6: ??? (in /lib/x86_64-linux-gnu/libexpat.so.1.5.2)
==5914==    by 0xA9F117A: ??? (in /lib/x86_64-linux-gnu/libexpat.so.1.5.2)
==5914==    by 0xA9F475C: XML_ParseBuffer (in /lib/x86_64-linux-gnu/libexpat.so.1.5.2)
==5914==    by 0x994FB70: FcConfigParseAndLoad (in /usr/lib/x86_64-linux-gnu/libfontconfig.so.1.4.4)
==5914==    by 0x9945176: FcInitLoadConfig (in /usr/lib/x86_64-linux-gnu/libfontconfig.so.1.4.4)
==5914==    by 0x9945265: FcInitLoadConfigAndFonts (in /usr/lib/x86_64-linux-gnu/libfontconfig.so.1.4.4)
==5914==  Address 0xe5a8464 is 36 bytes inside a block of size 39 alloc'd
==5914==    at 0x4C2B6CD: malloc (in /usr/lib/valgrind/vgpreload_memcheck-amd64-linux.so)
==5914==    by 0x993A02C: ??? (in /usr/lib/x86_64-linux-gnu/libfontconfig.so.1.4.4)
==5914==    by 0x994FA15: FcConfigParseAndLoad (in /usr/lib/x86_64-linux-gnu/libfontconfig.so.1.4.4)
==5914==    by 0x994FE77: FcConfigParseAndLoad (in /usr/lib/x86_64-linux-gnu/libfontconfig.so.1.4.4)
==5914==    by 0x99500FD: ??? (in /usr/lib/x86_64-linux-gnu/libfontconfig.so.1.4.4)
==5914==    by 0xA9F16F3: ??? (in /lib/x86_64-linux-gnu/libexpat.so.1.5.2)
==5914==    by 0xA9F2950: ??? (in /lib/x86_64-linux-gnu/libexpat.so.1.5.2)
==5914==    by 0xA9EF7C6: ??? (in /lib/x86_64-linux-gnu/libexpat.so.1.5.2)
==5914==    by 0xA9F117A: ??? (in /lib/x86_64-linux-gnu/libexpat.so.1.5.2)
==5914==    by 0xA9F475C: XML_ParseBuffer (in /lib/x86_64-linux-gnu/libexpat.so.1.5.2)
==5914==    by 0x994FB70: FcConfigParseAndLoad (in /usr/lib/x86_64-linux-gnu/libfontconfig.so.1.4.4)
==5914==    by 0x9945176: FcInitLoadConfig (in /usr/lib/x86_64-linux-gnu/libfontconfig.so.1.4.4)
==5914== 
==5914== Invalid read of size 4
==5914==    at 0x993A0E8: ??? (in /usr/lib/x86_64-linux-gnu/libfontconfig.so.1.4.4)
==5914==    by 0x994FA15: FcConfigParseAndLoad (in /usr/lib/x86_64-linux-gnu/libfontconfig.so.1.4.4)
==5914==    by 0x99500FD: ??? (in /usr/lib/x86_64-linux-gnu/libfontconfig.so.1.4.4)
==5914==    by 0xA9F16F3: ??? (in /lib/x86_64-linux-gnu/libexpat.so.1.5.2)
==5914==    by 0xA9F2950: ??? (in /lib/x86_64-linux-gnu/libexpat.so.1.5.2)
==5914==    by 0xA9EF7C6: ??? (in /lib/x86_64-linux-gnu/libexpat.so.1.5.2)
==5914==    by 0xA9F117A: ??? (in /lib/x86_64-linux-gnu/libexpat.so.1.5.2)
==5914==    by 0xA9F475C: XML_ParseBuffer (in /lib/x86_64-linux-gnu/libexpat.so.1.5.2)
==5914==    by 0x994FB70: FcConfigParseAndLoad (in /usr/lib/x86_64-linux-gnu/libfontconfig.so.1.4.4)
==5914==    by 0x994FE77: FcConfigParseAndLoad (in /usr/lib/x86_64-linux-gnu/libfontconfig.so.1.4.4)
==5914==    by 0x99500FD: ??? (in /usr/lib/x86_64-linux-gnu/libfontconfig.so.1.4.4)
==5914==    by 0xA9F16F3: ??? (in /lib/x86_64-linux-gnu/libexpat.so.1.5.2)
==5914==  Address 0xe5ce118 is 24 bytes inside a block of size 27 alloc'd
==5914==    at 0x4C2B6CD: malloc (in /usr/lib/valgrind/vgpreload_memcheck-amd64-linux.so)
==5914==    by 0x993A02C: ??? (in /usr/lib/x86_64-linux-gnu/libfontconfig.so.1.4.4)
==5914==    by 0x994FA15: FcConfigParseAndLoad (in /usr/lib/x86_64-linux-gnu/libfontconfig.so.1.4.4)
==5914==    by 0x99500FD: ??? (in /usr/lib/x86_64-linux-gnu/libfontconfig.so.1.4.4)
==5914==    by 0xA9F16F3: ??? (in /lib/x86_64-linux-gnu/libexpat.so.1.5.2)
==5914==    by 0xA9F2950: ??? (in /lib/x86_64-linux-gnu/libexpat.so.1.5.2)
==5914==    by 0xA9EF7C6: ??? (in /lib/x86_64-linux-gnu/libexpat.so.1.5.2)
==5914==    by 0xA9F117A: ??? (in /lib/x86_64-linux-gnu/libexpat.so.1.5.2)
==5914==    by 0xA9F475C: XML_ParseBuffer (in /lib/x86_64-linux-gnu/libexpat.so.1.5.2)
==5914==    by 0x994FB70: FcConfigParseAndLoad (in /usr/lib/x86_64-linux-gnu/libfontconfig.so.1.4.4)
==5914==    by 0x994FE77: FcConfigParseAndLoad (in /usr/lib/x86_64-linux-gnu/libfontconfig.so.1.4.4)
==5914==    by 0x99500FD: ??? (in /usr/lib/x86_64-linux-gnu/libfontconfig.so.1.4.4)
==5914== 
==5914== Invalid read of size 4
==5914==    at 0x993A0D3: ??? (in /usr/lib/x86_64-linux-gnu/libfontconfig.so.1.4.4)
==5914==    by 0x993C464: FcConfigFilename (in /usr/lib/x86_64-linux-gnu/libfontconfig.so.1.4.4)
==5914==    by 0x994FA15: FcConfigParseAndLoad (in /usr/lib/x86_64-linux-gnu/libfontconfig.so.1.4.4)
==5914==    by 0x99500FD: ??? (in /usr/lib/x86_64-linux-gnu/libfontconfig.so.1.4.4)
==5914==    by 0xA9F16F3: ??? (in /lib/x86_64-linux-gnu/libexpat.so.1.5.2)
==5914==    by 0xA9F2950: ??? (in /lib/x86_64-linux-gnu/libexpat.so.1.5.2)
==5914==    by 0xA9EF7C6: ??? (in /lib/x86_64-linux-gnu/libexpat.so.1.5.2)
==5914==    by 0xA9F117A: ??? (in /lib/x86_64-linux-gnu/libexpat.so.1.5.2)
==5914==    by 0xA9F475C: XML_ParseBuffer (in /lib/x86_64-linux-gnu/libexpat.so.1.5.2)
==5914==    by 0x994FB70: FcConfigParseAndLoad (in /usr/lib/x86_64-linux-gnu/libfontconfig.so.1.4.4)
==5914==    by 0x994FE77: FcConfigParseAndLoad (in /usr/lib/x86_64-linux-gnu/libfontconfig.so.1.4.4)
==5914==    by 0x99500FD: ??? (in /usr/lib/x86_64-linux-gnu/libfontconfig.so.1.4.4)
==5914==  Address 0xe5d61e4 is 20 bytes inside a block of size 22 alloc'd
==5914==    at 0x4C2B6CD: malloc (in /usr/lib/valgrind/vgpreload_memcheck-amd64-linux.so)
==5914==    by 0x993A02C: ??? (in /usr/lib/x86_64-linux-gnu/libfontconfig.so.1.4.4)
==5914==    by 0x993C464: FcConfigFilename (in /usr/lib/x86_64-linux-gnu/libfontconfig.so.1.4.4)
==5914==    by 0x994FA15: FcConfigParseAndLoad (in /usr/lib/x86_64-linux-gnu/libfontconfig.so.1.4.4)
==5914==    by 0x99500FD: ??? (in /usr/lib/x86_64-linux-gnu/libfontconfig.so.1.4.4)
==5914==    by 0xA9F16F3: ??? (in /lib/x86_64-linux-gnu/libexpat.so.1.5.2)
==5914==    by 0xA9F2950: ??? (in /lib/x86_64-linux-gnu/libexpat.so.1.5.2)
==5914==    by 0xA9EF7C6: ??? (in /lib/x86_64-linux-gnu/libexpat.so.1.5.2)
==5914==    by 0xA9F117A: ??? (in /lib/x86_64-linux-gnu/libexpat.so.1.5.2)
==5914==    by 0xA9F475C: XML_ParseBuffer (in /lib/x86_64-linux-gnu/libexpat.so.1.5.2)
==5914==    by 0x994FB70: FcConfigParseAndLoad (in /usr/lib/x86_64-linux-gnu/libfontconfig.so.1.4.4)
==5914==    by 0x994FE77: FcConfigParseAndLoad (in /usr/lib/x86_64-linux-gnu/libfontconfig.so.1.4.4)
==5914== 
==5914== Conditional jump or move depends on uninitialised value(s)
==5914==    at 0x60209CF: TGraphicalModWindow::refreshLayout() (modinsp.cc:536)
==5914==    by 0x6020158: TGraphicalModWindow::recalculateLayout() (modinsp.cc:422)
==5914==    by 0x601F434: TGraphicalModWindow::relayoutAndRedrawAll() (modinsp.cc:296)
==5914==    by 0x602230C: TGraphicalModWindow::inspectorCommand(Tcl_Interp*, int, char const**) (modinsp.cc:843)
==5914==    by 0x6014710: inspectorCommand_cmd(void*, Tcl_Interp*, int, char const**) (tkcmd.cc:1861)
==5914==    by 0x850812B: TclInvokeStringCommand (in /usr/lib/libtcl8.5.so.0)
==5914==    by 0x8509756: ??? (in /usr/lib/libtcl8.5.so.0)
==5914==    by 0x854DADC: ??? (in /usr/lib/libtcl8.5.so.0)
==5914==    by 0x858F3F2: TclObjInterpProcCore (in /usr/lib/libtcl8.5.so.0)
==5914==    by 0x8509756: ??? (in /usr/lib/libtcl8.5.so.0)
==5914==    by 0x850A462: ??? (in /usr/lib/libtcl8.5.so.0)
==5914==    by 0x8509E45: Tcl_EvalEx (in /usr/lib/libtcl8.5.so.0)
==5914== 
==5914== 
==5914== HEAP SUMMARY:
==5914==     in use at exit: 31,460,851 bytes in 6,536 blocks
==5914==   total heap usage: 449,461 allocs, 442,925 frees, 682,952,418 bytes allocated
==5914== 
==5914== LEAK SUMMARY:
==5914==    definitely lost: 7,732 bytes in 68 blocks
==5914==    indirectly lost: 23,094 bytes in 457 blocks
==5914==      possibly lost: 29,893,916 bytes in 2,869 blocks
==5914==    still reachable: 1,536,109 bytes in 3,142 blocks
==5914==         suppressed: 0 bytes in 0 blocks
==5914== Rerun with --leak-check=full to see details of leaked memory
==5914== 
==5914== For counts of detected and suppressed errors, rerun with: -v
==5914== Use --track-origins=yes to see where uninitialised values come from
==5914== ERROR SUMMARY: 23 errors from 7 contexts (suppressed: 2 from 2)
